################################################################################
#                                                                              #
#      IAR Universal Linker V6.6.2.104                                         #
#                                                                              #
#           Link time     =  20/Mar/2023  10:02:31                             #
#           Target CPU    =  MSP430                                            #
#           List file     =  "D:\Tahsin\Documents\School\3BB4\DP\Debug\List\De #
#                            sign Project.map"                                 #
#           Output file 1 =  "D:\Tahsin\Documents\School\3BB4\DP\Debug\Exe\Des #
#                            ign Project.d43"                                  #
#                            Format: ubrof10                                   #
#                            UBROF version 10.0.6                              #
#                            Using library modules for C-SPY (-rt)             #
#           Command line  =  -f                                                #
#                            C:\Users\Tahsin\AppData\Local\Temp\EW7446.tmp     #
#                            (D:\Tahsin\Documents\School\3BB4\DP\Debug\Obj\mai #
#                            n.r43                                             #
#                            -o                                                #
#                            "D:\Tahsin\Documents\School\3BB4\DP\Debug\Exe\Des #
#                            ign Project.d43"                                  #
#                            -l                                                #
#                            "D:\Tahsin\Documents\School\3BB4\DP\Debug\List\De #
#                            sign Project.map"                                 #
#                            -xms                                              #
#                            "-IC:\Program Files (x86)\IAR Systems\Embedded Wo #
#                            rkbench 8.5\430\LIB\\"                            #
#                            -f                                                #
#                            "C:\Program Files (x86)\IAR Systems\Embedded Work #
#                            bench 8.5\430\config\linker\lnk430g2553.xcl"      #
#                            (-cmsp430 -QCODE_I=CODE_ID -QTLS16_I=TLS16_ID     #
#                            -Z(CONST)INFO=1000-10FF                           #
#                            -Z(CONST)INFOA=10C0-10FF                          #
#                            -Z(CONST)INFOB=1080-10BF                          #
#                            -Z(CONST)INFOC=1040-107F                          #
#                            -Z(CONST)INFOD=1000-103F                          #
#                            -Z(DATA)DATA16_I,DATA16_Z,DATA16_N,TLS16_I=0200-0 #
#                            3FF                                               #
#                            -Z(DATA)DATA16_HEAP+_DATA16_HEAP_SIZE             #
#                            -Z(DATA)CODE_I -Z(DATA)CSTACK+_STACK_SIZE#        #
#                            -Z(CONST)DATA16_C,DATA16_ID,TLS16_ID,DIFUNCT,CHEC #
#                            KSUM=C000-FFDD                                    #
#                            -Z(CODE)CSTART,ISR_CODE,CODE_ID=C000-FFDD         #
#                            -P(CODE)CODE=C000-FFDD                            #
#                            -Z(CONST)SIGNATURE=FFDE-FFDF                      #
#                            -Z(CODE)INTVEC=FFE0-FFFF                          #
#                            -Z(CODE)RESET=FFFE-FFFF) -D_STACK_SIZE=50 -rt     #
#                            "C:\Program Files (x86)\IAR Systems\Embedded Work #
#                            bench 8.5\430\lib\dlib\dl430fn.r43"               #
#                            -e_PrintfLarge=_Printf -e_ScanfLarge=_Scanf       #
#                            -D_DATA16_HEAP_SIZE=50 -s __program_start         #
#                            -D_DATA20_HEAP_SIZE=50)                           #
#                                                                              #
#                           Copyright (C) 1987-2019 IAR Systems AB.            #
################################################################################





                ****************************************
                *                                      *
                *           CROSS REFERENCE            *
                *                                      *
                ****************************************

       Program entry at :           C000  Relocatable, from module : ?cstart




                ****************************************
                *                                      *
                *            RUNTIME MODEL             *
                *                                      *
                ****************************************

  __Heap_Handler             = Basic
  __SystemLibrary            = DLib
  __core                     = 430
  __dlib_file_descriptor     = 0
  __dlib_full_locale_support = 0
  __double_size              = 32
  __pic                      = no
  __reg_r4                   = free
  __reg_r5                   = free
  __rt_version               = 3

                ****************************************
                *                                      *
                *    AUTOMATIC SYMBOL REDIRECTIONS     *
                *                                      *
                ****************************************

                  There are no automatic symbol redirections.



                ****************************************
                *                                      *
                *              MODULE MAP              *
                *                                      *
                ****************************************


  DEFINED ABSOLUTE ENTRIES
    *************************************************************************

  DEFINED ABSOLUTE ENTRIES
  PROGRAM MODULE, NAME : ?ABS_ENTRY_MOD

Absolute parts
           ENTRY                   ADDRESS         REF BY
           =====                   =======         ======
           _DATA20_HEAP_SIZE       0050 
           _DATA16_HEAP_SIZE       0050 
           _STACK_SIZE             0050 
    *************************************************************************

  FILE NAME : D:\Tahsin\Documents\School\3BB4\DP\Debug\Obj\main.r43
  PROGRAM MODULE, NAME : main

  SEGMENTS IN THE MODULE
  ======================
DATA16_AN
  Relative segment, address: 0003 - 0003 (0x1 bytes), align: 0
  Segment part 1. ROOT 
           ENTRY                   ADDRESS         REF BY
           =====                   =======         ======
           _A_IFG2                 0003 
           LOCAL                   ADDRESS         
           =====                   =======         
           IFG2                    0003 
           IFG2_bit                0003 
    -------------------------------------------------------------------------
DATA16_AN
  Relative segment, address: 004A - 004A (0x1 bytes), align: 0
  Segment part 2. ROOT        Intra module refs:   Init_ADC
           ENTRY                   ADDRESS         REF BY
           =====                   =======         ======
           ADC10AE0                004A 
    -------------------------------------------------------------------------
DATA16_AN
  Relative segment, address: 01B0 - 01B1 (0x2 bytes), align: 0
  Segment part 3. ROOT        Intra module refs:   Init_ADC
           ENTRY                   ADDRESS         REF BY
           =====                   =======         ======
           _A_ADC10CTL0            01B0 
           LOCAL                   ADDRESS         
           =====                   =======         
           ADC10CTL0               01B0 
           ADC10CTL0_bit           01B0 
    -------------------------------------------------------------------------
DATA16_AN
  Relative segment, address: 01B2 - 01B3 (0x2 bytes), align: 0
  Segment part 4. ROOT        Intra module refs:   Init_ADC
           ENTRY                   ADDRESS         REF BY
           =====                   =======         ======
           _A_ADC10CTL1            01B2 
           LOCAL                   ADDRESS         
           =====                   =======         
           ADC10CTL1               01B2 
           ADC10CTL1_bit           01B2 
    -------------------------------------------------------------------------
DATA16_AN
  Relative segment, address: 01B4 - 01B5 (0x2 bytes), align: 0
  Segment part 5. ROOT        Intra module refs:   PID
                                                   sample
           ENTRY                   ADDRESS         REF BY
           =====                   =======         ======
           ADC10MEM                01B4 
    -------------------------------------------------------------------------
DATA16_AN
  Relative segment, address: 0056 - 0056 (0x1 bytes), align: 0
  Segment part 6. ROOT        Intra module refs:   Init
           ENTRY                   ADDRESS         REF BY
           =====                   =======         ======
           _A_DCOCTL               0056 
           LOCAL                   ADDRESS         
           =====                   =======         
           DCOCTL                  0056 
           DCOCTL_bit              0056 
    -------------------------------------------------------------------------
DATA16_AN
  Relative segment, address: 0057 - 0057 (0x1 bytes), align: 0
  Segment part 7. ROOT        Intra module refs:   Init
           ENTRY                   ADDRESS         REF BY
           =====                   =======         ======
           _A_BCSCTL1              0057 
           LOCAL                   ADDRESS         
           =====                   =======         
           BCSCTL1                 0057 
           BCSCTL1_bit             0057 
    -------------------------------------------------------------------------
DATA16_AN
  Relative segment, address: 0021 - 0021 (0x1 bytes), align: 0
  Segment part 8. ROOT        Intra module refs:   Init
                                                   PORT1_ISR
                                                   PWM
           ENTRY                   ADDRESS         REF BY
           =====                   =======         ======
           _A_P1OUT                0021 
           LOCAL                   ADDRESS         
           =====                   =======         
           P1OUT                   0021 
           P1OUT_bit               0021 
    -------------------------------------------------------------------------
DATA16_AN
  Relative segment, address: 0022 - 0022 (0x1 bytes), align: 0
  Segment part 9. ROOT        Intra module refs:   Init
           ENTRY                   ADDRESS         REF BY
           =====                   =======         ======
           _A_P1DIR                0022 
           LOCAL                   ADDRESS         
           =====                   =======         
           P1DIR                   0022 
           P1DIR_bit               0022 
    -------------------------------------------------------------------------
DATA16_AN
  Relative segment, address: 0023 - 0023 (0x1 bytes), align: 0
  Segment part 10. ROOT       Intra module refs:   PORT1_ISR
           ENTRY                   ADDRESS         REF BY
           =====                   =======         ======
           _A_P1IFG                0023 
           LOCAL                   ADDRESS         
           =====                   =======         
           P1IFG                   0023 
           P1IFG_bit               0023 
    -------------------------------------------------------------------------
DATA16_AN
  Relative segment, address: 0025 - 0025 (0x1 bytes), align: 0
  Segment part 11. ROOT       Intra module refs:   Init
           ENTRY                   ADDRESS         REF BY
           =====                   =======         ======
           _A_P1IE                 0025 
           LOCAL                   ADDRESS         
           =====                   =======         
           P1IE                    0025 
           P1IE_bit                0025 
    -------------------------------------------------------------------------
DATA16_AN
  Relative segment, address: 0026 - 0026 (0x1 bytes), align: 0
  Segment part 12. ROOT       Intra module refs:   Init
           ENTRY                   ADDRESS         REF BY
           =====                   =======         ======
           _A_P1SEL                0026 
           LOCAL                   ADDRESS         
           =====                   =======         
           P1SEL                   0026 
           P1SEL_bit               0026 
    -------------------------------------------------------------------------
DATA16_AN
  Relative segment, address: 0041 - 0041 (0x1 bytes), align: 0
  Segment part 13. ROOT 
           ENTRY                   ADDRESS         REF BY
           =====                   =======         ======
           _A_P1SEL2               0041 
           LOCAL                   ADDRESS         
           =====                   =======         
           P1SEL2                  0041 
           P1SEL2_bit              0041 
    -------------------------------------------------------------------------
DATA16_AN
  Relative segment, address: 0027 - 0027 (0x1 bytes), align: 0
  Segment part 14. ROOT       Intra module refs:   Init
           ENTRY                   ADDRESS         REF BY
           =====                   =======         ======
           _A_P1REN                0027 
           LOCAL                   ADDRESS         
           =====                   =======         
           P1REN                   0027 
           P1REN_bit               0027 
    -------------------------------------------------------------------------
DATA16_AN
  Relative segment, address: 0160 - 0161 (0x2 bytes), align: 0
  Segment part 15. ROOT       Intra module refs:   PWM
           ENTRY                   ADDRESS         REF BY
           =====                   =======         ======
           _A_TA0CTL               0160 
           LOCAL                   ADDRESS         
           =====                   =======         
           TA0CTL                  0160 
           TA0CTL_bit              0160 
    -------------------------------------------------------------------------
DATA16_AN
  Relative segment, address: 0164 - 0165 (0x2 bytes), align: 0
  Segment part 16. ROOT       Intra module refs:   PWM
           ENTRY                   ADDRESS         REF BY
           =====                   =======         ======
           _A_TA0CCTL1             0164 
           LOCAL                   ADDRESS         
           =====                   =======         
           TA0CCTL1                0164 
           TA0CCTL1_bit            0164 
    -------------------------------------------------------------------------
DATA16_AN
  Relative segment, address: 0172 - 0173 (0x2 bytes), align: 0
  Segment part 17. ROOT       Intra module refs:   PWM
           ENTRY                   ADDRESS         REF BY
           =====                   =======         ======
           TA0CCR0                 0172 
    -------------------------------------------------------------------------
DATA16_AN
  Relative segment, address: 0174 - 0175 (0x2 bytes), align: 0
  Segment part 18. ROOT       Intra module refs:   PWM
           ENTRY                   ADDRESS         REF BY
           =====                   =======         ======
           TA0CCR1                 0174 
    -------------------------------------------------------------------------
DATA16_AN
  Relative segment, address: 0061 - 0061 (0x1 bytes), align: 0
  Segment part 19. ROOT 
           ENTRY                   ADDRESS         REF BY
           =====                   =======         ======
           _A_UCA0CTL1             0061 
           LOCAL                   ADDRESS         
           =====                   =======         
           UCA0CTL1                0061 
           UCA0CTL1__SPI           0061 
           UCA0CTL1__SPI_bit       0061 
           UCA0CTL1_bit            0061 
    -------------------------------------------------------------------------
DATA16_AN
  Relative segment, address: 0062 - 0062 (0x1 bytes), align: 0
  Segment part 20. ROOT 
           ENTRY                   ADDRESS         REF BY
           =====                   =======         ======
           _A_UCA0BR0              0062 
           LOCAL                   ADDRESS         
           =====                   =======         
           UCA0BR0                 0062 
           UCA0BR0__SPI            0062 
    -------------------------------------------------------------------------
DATA16_AN
  Relative segment, address: 0063 - 0063 (0x1 bytes), align: 0
  Segment part 21. ROOT 
           ENTRY                   ADDRESS         REF BY
           =====                   =======         ======
           _A_UCA0BR1              0063 
           LOCAL                   ADDRESS         
           =====                   =======         
           UCA0BR1                 0063 
           UCA0BR1__SPI            0063 
    -------------------------------------------------------------------------
DATA16_AN
  Relative segment, address: 0064 - 0064 (0x1 bytes), align: 0
  Segment part 22. ROOT 
           ENTRY                   ADDRESS         REF BY
           =====                   =======         ======
           _A_UCA0MCTL             0064 
           LOCAL                   ADDRESS         
           =====                   =======         
           UCA0MCTL                0064 
           UCA0MCTL__SPI           0064 
           UCA0MCTL_bit            0064 
    -------------------------------------------------------------------------
DATA16_AN
  Relative segment, address: 0066 - 0066 (0x1 bytes), align: 0
  Segment part 23. ROOT 
           ENTRY                   ADDRESS         REF BY
           =====                   =======         ======
           _A_UCA0RXBUF            0066 
           LOCAL                   ADDRESS         
           =====                   =======         
           UCA0RXBUF               0066 
           UCA0RXBUF__SPI          0066 
    -------------------------------------------------------------------------
DATA16_AN
  Relative segment, address: 0120 - 0121 (0x2 bytes), align: 0
  Segment part 24. ROOT       Intra module refs:   Init
           ENTRY                   ADDRESS         REF BY
           =====                   =======         ======
           _A_WDTCTL               0120 
           LOCAL                   ADDRESS         
           =====                   =======         
           WDTCTL                  0120 
           WDTCTL_bit              0120 
    -------------------------------------------------------------------------
DATA16_AN
  Relative segment, address: 10F8 - 10F8 (0x1 bytes), align: 0
  Segment part 25. ROOT       Intra module refs:   Init
           ENTRY                   ADDRESS         REF BY
           =====                   =======         ======
           CALDCO_16MHZ            10F8 
    -------------------------------------------------------------------------
DATA16_AN
  Relative segment, address: 10F9 - 10F9 (0x1 bytes), align: 0
  Segment part 26. ROOT       Intra module refs:   Init
           ENTRY                   ADDRESS         REF BY
           =====                   =======         ======
           CALBC1_16MHZ            10F9 
    -------------------------------------------------------------------------
DATA16_Z
  Relative segment, address: 0202 - 020B (0xa bytes), align: 0
  Segment part 29.            Intra module refs:   PID
                                                   sample
           ENTRY                   ADDRESS         REF BY
           =====                   =======         ======
           v                       0202 
    -------------------------------------------------------------------------
<CODE> 1 (was CODE)
  Relative segment, address: D3B8 - D3FF (0x48 bytes), align: 1
  Segment part 30.            Intra module refs:   PID
           ENTRY                   ADDRESS         REF BY
           =====                   =======         ======
           PWM                     D3B8 
               calls direct
    -------------------------------------------------------------------------
<CODE> 1 (was CODE)
  Relative segment, address: C018 - C5DD (0x5c6 bytes), align: 1
  Segment part 31.            Intra module refs:   main
           ENTRY                   ADDRESS         REF BY
           =====                   =======         ======
           PID                     C018 
               calls direct
    -------------------------------------------------------------------------
<CODE> 1 (was CODE)
  Relative segment, address: D66C - D675 (0xa bytes), align: 1
  Segment part 33.            Intra module refs:   PORT1_ISR::??INTVEC 4
           ENTRY                   ADDRESS         REF BY
           =====                   =======         ======
           PORT1_ISR               D66C 
               interrupt function
    -------------------------------------------------------------------------
<CODE> 1 (was CODE)
  Relative segment, address: D4E2 - D4FB (0x1a bytes), align: 1
  Segment part 36.            Intra module refs:   main
           ENTRY                   ADDRESS         REF BY
           =====                   =======         ======
           Init_ADC                D4E2 
    -------------------------------------------------------------------------
<CODE> 1 (was CODE)
  Relative segment, address: D494 - D4BD (0x2a bytes), align: 1
  Segment part 37.            Intra module refs:   main
           ENTRY                   ADDRESS         REF BY
           =====                   =======         ======
           sample                  D494 
    -------------------------------------------------------------------------
<CODE> 1 (was CODE)
  Relative segment, address: D432 - D463 (0x32 bytes), align: 1
  Segment part 39.            Intra module refs:   main
           ENTRY                   ADDRESS         REF BY
           =====                   =======         ======
           Init                    D432 
    -------------------------------------------------------------------------
<CODE> 1 (was CODE)
  Relative segment, address: D560 - D575 (0x16 bytes), align: 1
  Segment part 40.
           ENTRY                   ADDRESS         REF BY
           =====                   =======         ======
           main                    D560            Segment part 19 (?cstart)
               calls direct
    -------------------------------------------------------------------------
INTVEC
  Common segment, address: FFE0 - FFE5 (0x6 bytes), align: 1
  Segment part 27. ROOT 
           ENTRY                   ADDRESS         REF BY
           =====                   =======         ======
           PORT1_ISR::??INTVEC 4   FFE4 

    *************************************************************************

  FILE NAME : C:\Program Files (x86)\IAR Systems\Embedded Workbench 8.5\430\lib\dlib\dl430fn.r43
  LIBRARY MODULE, NAME : ?__dbg_break

  SEGMENTS IN THE MODULE
  ======================
<CODE> 1 (was CODE)
  Relative segment, address: D6AC - D6AD (0x2 bytes), align: 1
  Segment part 2.
           ENTRY                   ADDRESS         REF BY
           =====                   =======         ======
           __DebugBreak            D6AC            __exit (?__exit)

    -------------------------------------------------------------------------
  LIBRARY MODULE, NAME : ?__exit

  SEGMENTS IN THE MODULE
  ======================
<CODE> 1 (was CODE)
  Relative segment, address: D576 - D587 (0x12 bytes), align: 1
  Segment part 2.
           ENTRY                   ADDRESS         REF BY
           =====                   =======         ======
           __exit                  D576            Segment part 6 (?_exit)
                                                   _exit (?_exit)
               calls direct

    -------------------------------------------------------------------------
  LIBRARY MODULE, NAME : ?_exit

  SEGMENTS IN THE MODULE
  ======================
<CODE> 1 (was CODE)
  Relative segment, address: D6A8, align: 1
  Segment part 0.
           ENTRY                   ADDRESS         REF BY
           =====                   =======         ======
           _exit                   D6A8            exit (?exit)
    -------------------------------------------------------------------------
<CODE> 1 (was CODE)
  Relative segment, address: D6A8 - D6AB (0x4 bytes), align: 1
  Segment part 6.             Intra module refs:   _exit

    -------------------------------------------------------------------------
  LIBRARY MODULE, NAME : ?cstart

  SEGMENTS IN THE MODULE
  ======================
CSTACK
  Relative segment, address: 03B0, align: 1
  Segment part 1.
    -------------------------------------------------------------------------
DATA16_Z
  Relative segment, address: 0200, align: 1
  Segment part 2.
    -------------------------------------------------------------------------
CSTART
  Relative segment, address: C000 - C003 (0x4 bytes), align: 1
  Segment part 9.
           ENTRY                   ADDRESS         REF BY
           =====                   =======         ======
           __program_start         C000            ?reset_vector (?reset_vector)
                                                   Absolute parts (?ABS_ENTRY_MOD)
           ?cstart_begin           C000 
    -------------------------------------------------------------------------
CSTART
  Relative segment, address: C004 - C00F (0xc bytes), align: 1
  Segment part 14.
           ENTRY                   ADDRESS         REF BY
           =====                   =======         ======
           ?cstart_init_zero       C004            __iar_Errno (?errno)
                                                   v (main)
    -------------------------------------------------------------------------
CSTART
  Relative segment, address: C010 - C017 (0x8 bytes), align: 1
  Segment part 19.            Intra module refs:   Segment part 9
           ENTRY                   ADDRESS         REF BY
           =====                   =======         ======
           ?cstart_call_main       C010 
           ?cstart_end             C018 

    -------------------------------------------------------------------------
  LIBRARY MODULE, NAME : ?reset_vector

  SEGMENTS IN THE MODULE
  ======================
RESET
  Relative segment, address: FFFE - FFFF (0x2 bytes), align: 1
  Segment part 0.
           ENTRY                   ADDRESS         REF BY
           =====                   =======         ======
           ?reset_vector           FFFE            Segment part 9 (?cstart)

    -------------------------------------------------------------------------
  LIBRARY MODULE, NAME : ?Epilogue

  SEGMENTS IN THE MODULE
  ======================
<CODE> 1 (was CODE)
  Relative segment, address: D5D6 - D5D7 (0x2 bytes), align: 1
  Segment part 2.
           ENTRY                   ADDRESS         REF BY
           =====                   =======         ======
           ?Epilogue6              D5D6            __iar_Log (?xlog)
                                                   internal_Pow (?pow)
    -------------------------------------------------------------------------
<CODE> 1 (was CODE)
  Relative segment, address: D5D8 - D5D9 (0x2 bytes), align: 1
  Segment part 3.             Intra module refs:   ?Epilogue6
           ENTRY                   ADDRESS         REF BY
           =====                   =======         ======
           ?Epilogue5              D5D8 
    -------------------------------------------------------------------------
<CODE> 1 (was CODE)
  Relative segment, address: D5DA - D5DB (0x2 bytes), align: 1
  Segment part 4.             Intra module refs:   ?Epilogue5
           ENTRY                   ADDRESS         REF BY
           =====                   =======         ======
           ?Epilogue4              D5DA 
    -------------------------------------------------------------------------
<CODE> 1 (was CODE)
  Relative segment, address: D5DC - D5E3 (0x8 bytes), align: 1
  Segment part 5.             Intra module refs:   ?Epilogue4
           ENTRY                   ADDRESS         REF BY
           =====                   =======         ======
           ?Epilogue3              D5DC 

    -------------------------------------------------------------------------
  LIBRARY MODULE, NAME : ?errno

  SEGMENTS IN THE MODULE
  ======================
DATA16_Z
  Relative segment, address: 0200 - 0201 (0x2 bytes), align: 1
  Segment part 2.
           ENTRY                   ADDRESS         REF BY
           =====                   =======         ======
           __iar_Errno             0200            __iar_Exp (?xexp)
                                                   __iar_Log (?xlog)
                                                   internal_Pow (?pow)

    -------------------------------------------------------------------------
  LIBRARY MODULE, NAME : ?exit

  SEGMENTS IN THE MODULE
  ======================
<CODE> 1 (was CODE)
  Relative segment, address: D6A4 - D6A7 (0x4 bytes), align: 1
  Segment part 2.
           ENTRY                   ADDRESS         REF BY
           =====                   =======         ======
           exit                    D6A4            Segment part 19 (?cstart)
               calls direct

    -------------------------------------------------------------------------
  LIBRARY MODULE, NAME : ?Cast32f32i

  SEGMENTS IN THE MODULE
  ======================
<CODE> 1 (was CODE)
  Relative segment, address: D168 - D17B (0x14 bytes), align: 1
  Segment part 0.
           ENTRY                   ADDRESS         REF BY
           =====                   =======         ======
           _Cast32sto32f           D168            __iar_Exp (?xexp)
                                                   __iar_Log (?xlog)
                                                   internal_Pow (?pow)
    -------------------------------------------------------------------------
<CODE> 1 (was CODE)
  Relative segment, address: D17C - D1F9 (0x7e bytes), align: 1
  Segment part 1.             Intra module refs:   _Cast32sto32f
           ENTRY                   ADDRESS         REF BY
           =====                   =======         ======
           _Cast32uto32f           D17C            PID (main)

    -------------------------------------------------------------------------
  LIBRARY MODULE, NAME : _Cast32fto32s

  SEGMENTS IN THE MODULE
  ======================
<CODE> 1 (was CODE)
  Relative segment, address: D400 - D431 (0x32 bytes), align: 1
  Segment part 0.
           ENTRY                   ADDRESS         REF BY
           =====                   =======         ======
           _Cast32fto32s           D400            PWM (main)
                                                   __iar_Exp (?xexp)
                                                   internal_Pow (?pow)

    -------------------------------------------------------------------------
  LIBRARY MODULE, NAME : ?FLT_Extract

  SEGMENTS IN THE MODULE
  ======================
<CODE> 1 (was CODE)
  Relative segment, address: D324 - D36F (0x4c bytes), align: 1
  Segment part 0.
           ENTRY                   ADDRESS         REF BY
           =====                   =======         ======
           ?FLT_Extract            D324            _Cast32fto32s (_Cast32fto32s)

    -------------------------------------------------------------------------
  LIBRARY MODULE, NAME : ?FLT_EQ

  SEGMENTS IN THE MODULE
  ======================
<CODE> 1 (was CODE)
  Relative segment, address: D464 - D493 (0x30 bytes), align: 1
  Segment part 0.
           ENTRY                   ADDRESS         REF BY
           =====                   =======         ======
           ?FLT_EQ                 D464            Segment part 5 (?xexp)
                                                   __iar_Exp (?xexp)
                                                   internal_Pow (?pow)

    -------------------------------------------------------------------------
  LIBRARY MODULE, NAME : ?FLT_GE

  SEGMENTS IN THE MODULE
  ======================
<CODE> 1 (was CODE)
  Relative segment, address: D27C - D2D1 (0x56 bytes), align: 1
  Segment part 0.
           ENTRY                   ADDRESS         REF BY
           =====                   =======         ======
           ?FLT_GE                 D27C            PID (main)
                                                   __iar_Exp (?xexp)
                                                   internal_Pow (?pow)

    -------------------------------------------------------------------------
  LIBRARY MODULE, NAME : ?FLT_LT

  SEGMENTS IN THE MODULE
  ======================
<CODE> 1 (was CODE)
  Relative segment, address: D2D2 - D323 (0x52 bytes), align: 1
  Segment part 0.
           ENTRY                   ADDRESS         REF BY
           =====                   =======         ======
           ?FLT_LT                 D2D2            PID (main)
                                                   PWM (main)
                                                   __iar_Exp (?xexp)
                                                   __iar_Log (?xlog)
                                                   internal_Pow (?pow)

    -------------------------------------------------------------------------
  LIBRARY MODULE, NAME : _Mul32f

  SEGMENTS IN THE MODULE
  ======================
<CODE> 1 (was CODE)
  Relative segment, address: CFC4 - D0D3 (0x110 bytes), align: 1
  Segment part 0.
           ENTRY                   ADDRESS         REF BY
           =====                   =======         ======
           _Mul32f                 CFC4            PID (main)
                                                   PWM (main)
                                                   Segment part 3 (?pow)
                                                   Segment part 4 (?xexp)
                                                   Segment part 4 (?xlog)
                                                   Segment part 6 (?xlog)
                                                   Segment part 8 (?xexp)
                                                   Segment part 8 (?xlog)
                                                   Segment part 9 (?xlog)
                                                   __iar_Exp (?xexp)
                                                   __iar_Log (?xlog)
                                                   internal_Pow (?pow)

    -------------------------------------------------------------------------
  LIBRARY MODULE, NAME : _Div32f

  SEGMENTS IN THE MODULE
  ======================
<CODE> 1 (was CODE)
  Relative segment, address: CE94 - CFC3 (0x130 bytes), align: 1
  Segment part 0.
           ENTRY                   ADDRESS         REF BY
           =====                   =======         ======
           _Div32f                 CE94            PID (main)
                                                   __iar_Exp (?xexp)
                                                   __iar_Log (?xlog)
                                                   internal_Pow (?pow)

    -------------------------------------------------------------------------
  LIBRARY MODULE, NAME : _Add32f

  SEGMENTS IN THE MODULE
  ======================
<CODE> 1 (was CODE)
  Relative segment, address: CD30 - CD33 (0x4 bytes), align: 1
  Segment part 0.
           ENTRY                   ADDRESS         REF BY
           =====                   =======         ======
           _Sub32f                 CD30            PID (main)
                                                   Segment part 6 (?xlog)
                                                   __iar_Exp (?xexp)
                                                   __iar_Log (?xlog)
                                                   internal_Pow (?pow)
    -------------------------------------------------------------------------
<CODE> 1 (was CODE)
  Relative segment, address: CD34 - CE93 (0x160 bytes), align: 1
  Segment part 1.             Intra module refs:   _Sub32f
           ENTRY                   ADDRESS         REF BY
           =====                   =======         ======
           _Add32f                 CD34            PID (main)
                                                   PWM (main)
                                                   Segment part 3 (?xexp)
                                                   Segment part 3 (?xlog)
                                                   Segment part 8 (?xlog)
                                                   Segment part 9 (?xlog)
                                                   __iar_Exp (?xexp)
                                                   __iar_Log (?xlog)
                                                   internal_Pow (?pow)

    -------------------------------------------------------------------------
  LIBRARY MODULE, NAME : ?log

  SEGMENTS IN THE MODULE
  ======================
<CODE> 1 (was CODE)
  Relative segment, address: D69E - D6A3 (0x6 bytes), align: 1
  Segment part 2.
           ENTRY                   ADDRESS         REF BY
           =====                   =======         ======
           log                     D69E            PID (main)
               calls direct

    -------------------------------------------------------------------------
  LIBRARY MODULE, NAME : ?DivMod816u

  SEGMENTS IN THE MODULE
  ======================
<CODE> 1 (was CODE)
  Relative segment, address: D548 - D55F (0x18 bytes), align: 1
  Segment part 1.
           ENTRY                   ADDRESS         REF BY
           =====                   =======         ======
           ?DivMod16u              D548            PID (main)

    -------------------------------------------------------------------------
  LIBRARY MODULE, NAME : ?ShiftLeft16

  SEGMENTS IN THE MODULE
  ======================
<CODE> 1 (was CODE)
  Relative segment, address: D61C - D627 (0xc bytes), align: 1
  Segment part 0.
           ENTRY                   ADDRESS         REF BY
           =====                   =======         ======
           ?ShiftLeft16            D61C            __iar_Dint (?xdint)

    -------------------------------------------------------------------------
  LIBRARY MODULE, NAME : ?ShiftLeft16_n

  SEGMENTS IN THE MODULE
  ======================
<CODE> 1 (was CODE)
  Relative segment, address: D5A8 - D5A9 (0x2 bytes), align: 1
  Segment part 0.
           ENTRY                   ADDRESS         REF BY
           =====                   =======         ======
           ?ShiftLeft16_7          D5A8            __iar_Dscale (?xdscale)
    -------------------------------------------------------------------------
<CODE> 1 (was CODE)
  Relative segment, address: D5AA - D5AB (0x2 bytes), align: 1
  Segment part 1.             Intra module refs:   ?ShiftLeft16_7
           ENTRY                   ADDRESS         REF BY
           =====                   =======         ======
           ?ShiftLeft16_6          D5AA 
    -------------------------------------------------------------------------
<CODE> 1 (was CODE)
  Relative segment, address: D5AC - D5AD (0x2 bytes), align: 1
  Segment part 2.             Intra module refs:   ?ShiftLeft16_6
           ENTRY                   ADDRESS         REF BY
           =====                   =======         ======
           ?ShiftLeft16_5          D5AC 
    -------------------------------------------------------------------------
<CODE> 1 (was CODE)
  Relative segment, address: D5AE - D5AF (0x2 bytes), align: 1
  Segment part 3.             Intra module refs:   ?ShiftLeft16_5
           ENTRY                   ADDRESS         REF BY
           =====                   =======         ======
           ?ShiftLeft16_4          D5AE 
    -------------------------------------------------------------------------
<CODE> 1 (was CODE)
  Relative segment, address: D5B0 - D5B7 (0x8 bytes), align: 1
  Segment part 4.             Intra module refs:   ?ShiftLeft16_4
           ENTRY                   ADDRESS         REF BY
           =====                   =======         ======
           ?ShiftLeft16_3          D5B0 

    -------------------------------------------------------------------------
  LIBRARY MODULE, NAME : ?ShiftRight16u_n

  SEGMENTS IN THE MODULE
  ======================
<CODE> 1 (was CODE)
  Relative segment, address: D516 - D519 (0x4 bytes), align: 1
  Segment part 0.
           ENTRY                   ADDRESS         REF BY
           =====                   =======         ======
           ?ShiftRight16u_7        D516            __iar_Dint (?xdint)
                                                   __iar_Dscale (?xdscale)
                                                   __iar_Dtest (?xdtest)
                                                   __iar_Dunscale (?xdunscal)
    -------------------------------------------------------------------------
<CODE> 1 (was CODE)
  Relative segment, address: D51A - D51D (0x4 bytes), align: 1
  Segment part 1.             Intra module refs:   ?ShiftRight16u_7
           ENTRY                   ADDRESS         REF BY
           =====                   =======         ======
           ?ShiftRight16u_6        D51A 
    -------------------------------------------------------------------------
<CODE> 1 (was CODE)
  Relative segment, address: D51E - D521 (0x4 bytes), align: 1
  Segment part 2.             Intra module refs:   ?ShiftRight16u_6
           ENTRY                   ADDRESS         REF BY
           =====                   =======         ======
           ?ShiftRight16u_5        D51E 
    -------------------------------------------------------------------------
<CODE> 1 (was CODE)
  Relative segment, address: D522 - D525 (0x4 bytes), align: 1
  Segment part 3.             Intra module refs:   ?ShiftRight16u_5
           ENTRY                   ADDRESS         REF BY
           =====                   =======         ======
           ?ShiftRight16u_4        D522 
    -------------------------------------------------------------------------
<CODE> 1 (was CODE)
  Relative segment, address: D526 - D52F (0xa bytes), align: 1
  Segment part 4.             Intra module refs:   ?ShiftRight16u_4
           ENTRY                   ADDRESS         REF BY
           =====                   =======         ======
           ?ShiftRight16u_3        D526 

    -------------------------------------------------------------------------
  LIBRARY MODULE, NAME : ?memzero

  SEGMENTS IN THE MODULE
  ======================
<CODE> 1 (was CODE)
  Relative segment, address: D5B8 - D5C7 (0x10 bytes), align: 1
  Segment part 2.
           ENTRY                   ADDRESS         REF BY
           =====                   =======         ======
           __data16_memzero        D5B8            ?cstart_init_zero (?cstart)

    -------------------------------------------------------------------------
  LIBRARY MODULE, NAME : ?pow

  SEGMENTS IN THE MODULE
  ======================
<CODE> 1 (was CODE)
  Relative segment, address: C5DE - C91D (0x340 bytes), align: 1
  Segment part 2.             Intra module refs:   pow
           LOCAL                   ADDRESS         
           =====                   =======         
           internal_Pow            C5DE 
               calls direct
    -------------------------------------------------------------------------
<CODE> 1 (was CODE)
  Relative segment, address: D628 - D633 (0xc bytes), align: 1
  Segment part 3.             Intra module refs:   internal_Pow
    -------------------------------------------------------------------------
<CODE> 1 (was CODE)
  Relative segment, address: D68A - D693 (0xa bytes), align: 1
  Segment part 4.             Intra module refs:   internal_Pow
    -------------------------------------------------------------------------
<CODE> 1 (was CODE)
  Relative segment, address: D64C - D657 (0xc bytes), align: 1
  Segment part 5.             Intra module refs:   internal_Pow
    -------------------------------------------------------------------------
<CODE> 1 (was CODE)
  Relative segment, address: D634 - D63F (0xc bytes), align: 1
  Segment part 6.             Intra module refs:   internal_Pow
    -------------------------------------------------------------------------
<CODE> 1 (was CODE)
  Relative segment, address: D658 - D661 (0xa bytes), align: 1
  Segment part 7.
           ENTRY                   ADDRESS         REF BY
           =====                   =======         ======
           pow                     D658            PID (main)
               calls direct

    -------------------------------------------------------------------------
  LIBRARY MODULE, NAME : ?xdint

  SEGMENTS IN THE MODULE
  ======================
<CODE> 1 (was CODE)
  Relative segment, address: D1FA - D27B (0x82 bytes), align: 1
  Segment part 2.
           ENTRY                   ADDRESS         REF BY
           =====                   =======         ======
           __iar_Dint              D1FA            internal_Pow (?pow)
               calls direct

    -------------------------------------------------------------------------
  LIBRARY MODULE, NAME : ?xdscale

  SEGMENTS IN THE MODULE
  ======================
<CODE> 1 (was CODE)
  Relative segment, address: D0D4 - D167 (0x94 bytes), align: 1
  Segment part 2.
           ENTRY                   ADDRESS         REF BY
           =====                   =======         ======
           __iar_Dscale            D0D4            __iar_Exp (?xexp)
               calls direct

    -------------------------------------------------------------------------
  LIBRARY MODULE, NAME : ?xdtest

  SEGMENTS IN THE MODULE
  ======================
<CODE> 1 (was CODE)
  Relative segment, address: D4BE - D4E1 (0x24 bytes), align: 1
  Segment part 2.
           ENTRY                   ADDRESS         REF BY
           =====                   =======         ======
           __iar_Dtest             D4BE            __iar_Exp (?xexp)
               calls direct

    -------------------------------------------------------------------------
  LIBRARY MODULE, NAME : ?xdunscal

  SEGMENTS IN THE MODULE
  ======================
<CODE> 1 (was CODE)
  Relative segment, address: D370 - D3B7 (0x48 bytes), align: 1
  Segment part 2.
           ENTRY                   ADDRESS         REF BY
           =====                   =======         ======
           __iar_Dunscale          D370            __iar_Log (?xlog)
                                                   internal_Pow (?pow)
               calls direct

    -------------------------------------------------------------------------
  LIBRARY MODULE, NAME : ?xexp

  SEGMENTS IN THE MODULE
  ======================
<CODE> 1 (was CODE)
  Relative segment, address: C91E - CB59 (0x23c bytes), align: 1
  Segment part 2.
           ENTRY                   ADDRESS         REF BY
           =====                   =======         ======
           __iar_Exp               C91E            internal_Pow (?pow)
               calls direct
    -------------------------------------------------------------------------
<CODE> 1 (was CODE)
  Relative segment, address: D5E4 - D5F1 (0xe bytes), align: 1
  Segment part 3.             Intra module refs:   __iar_Exp
    -------------------------------------------------------------------------
<CODE> 1 (was CODE)
  Relative segment, address: D662 - D66B (0xa bytes), align: 1
  Segment part 4.             Intra module refs:   __iar_Exp
    -------------------------------------------------------------------------
<CODE> 1 (was CODE)
  Relative segment, address: D640 - D64B (0xc bytes), align: 1
  Segment part 5.             Intra module refs:   __iar_Exp
    -------------------------------------------------------------------------
<CODE> 1 (was CODE)
  Relative segment, address: D680 - D689 (0xa bytes), align: 1
  Segment part 6.             Intra module refs:   Segment part 5
                                                   __iar_Exp
    -------------------------------------------------------------------------
<CODE> 1 (was CODE)
  Relative segment, address: D676 - D67F (0xa bytes), align: 1
  Segment part 7.             Intra module refs:   __iar_Exp
    -------------------------------------------------------------------------
<CODE> 1 (was CODE)
  Relative segment, address: D5C8 - D5D5 (0xe bytes), align: 1
  Segment part 8.             Intra module refs:   __iar_Exp
    -------------------------------------------------------------------------
<CODE> 1 (was CODE)
  Relative segment, address: D60E - D61B (0xe bytes), align: 1
  Segment part 9.             Intra module refs:   __iar_Exp

    -------------------------------------------------------------------------
  LIBRARY MODULE, NAME : ?xlog

  SEGMENTS IN THE MODULE
  ======================
<CODE> 1 (was CODE)
  Relative segment, address: CB5A - CD2F (0x1d6 bytes), align: 1
  Segment part 2.
           ENTRY                   ADDRESS         REF BY
           =====                   =======         ======
           __iar_Log               CB5A            log (?log)
               calls direct
    -------------------------------------------------------------------------
<CODE> 1 (was CODE)
  Relative segment, address: D600 - D60D (0xe bytes), align: 1
  Segment part 3.             Intra module refs:   __iar_Log
    -------------------------------------------------------------------------
<CODE> 1 (was CODE)
  Relative segment, address: D5F2 - D5FF (0xe bytes), align: 1
  Segment part 4.             Intra module refs:   __iar_Log
    -------------------------------------------------------------------------
<CODE> 1 (was CODE)
  Relative segment, address: D694 - D69D (0xa bytes), align: 1
  Segment part 5.             Intra module refs:   __iar_Log
    -------------------------------------------------------------------------
<CODE> 1 (was CODE)
  Relative segment, address: D588 - D597 (0x10 bytes), align: 1
  Segment part 6.             Intra module refs:   __iar_Log
    -------------------------------------------------------------------------
<CODE> 1 (was CODE)
  Relative segment, address: D598 - D5A7 (0x10 bytes), align: 1
  Segment part 8.             Intra module refs:   __iar_Log
                                                   __iar_Logpoly
    -------------------------------------------------------------------------
<CODE> 1 (was CODE)
  Relative segment, address: D530 - D547 (0x18 bytes), align: 1
  Segment part 9.             Intra module refs:   __iar_Log
                                                   __iar_Logpoly
    -------------------------------------------------------------------------
<CODE> 1 (was CODE)
  Relative segment, address: D4FC - D515 (0x1a bytes), align: 1
  Segment part 7.
           ENTRY                   ADDRESS         REF BY
           =====                   =======         ======
           __iar_Logpoly           D4FC            internal_Pow (?pow)
               calls direct




                ****************************************
                *                                      *
                *      SEGMENTS IN ADDRESS ORDER       *
                *                                      *
                ****************************************


SEGMENT              SPACE    START ADDRESS   END ADDRESS     SIZE  TYPE  ALIGN
=======              =====    =============   ===========     ====  ====  =====
DATA16_AN                              0003 - 0003               1   rel    0
                                       0021 - 0023               3 
                                       0025 - 0027               3 
                                       0041 - 0041               1 
                                       004A - 004A               1 
                                       0056 - 0057               2 
                                       0061 - 0064               4 
                                       0066 - 0066               1 
                                       0120 - 0121               2 
                                       0160 - 0161               2 
                                       0164 - 0165               2 
                                       0172 - 0175               4 
                                       01B0 - 01B5               6 
DATA16_I                                  0200                       dse    0
DATA16_Z                               0200 - 020B               C   rel    1
CSTACK                                 03B0 - 03FF              50   rel    1
DATA16_AN                              10F8 - 10F9               2   rel    0
CSTART                                 C000 - C017              18   rel    1
<CODE> 1                               C018 - D6AD            1696   rel    1
INTVEC                                 FFE0 - FFE5               6   com    1
RESET                                  FFFE - FFFF               2   rel    1

                ****************************************
                *                                      *
                *        END OF CROSS REFERENCE        *
                *                                      *
                ****************************************

 5 814 bytes of CODE memory
    92 bytes of DATA memory (+ 34 absolute )

Errors: none
Warnings: none

