################################################################################
#                                                                              #
#      IAR Universal Linker V6.6.2.104                                         #
#                                                                              #
#           Link time     =  25/Mar/2023  12:50:49                             #
#           Target CPU    =  MSP430                                            #
#           List file     =  "D:\Tahsin\Documents\School\3BB4\DP\PID-Temperatu #
#                            re-microcontroller\Debug\List\Design Project.map" #
#           Output file 1 =  "D:\Tahsin\Documents\School\3BB4\DP\PID-Temperatu #
#                            re-microcontroller\Debug\Exe\Design Project.d43"  #
#                            Format: ubrof10                                   #
#                            UBROF version 10.0.6                              #
#                            Using library modules for C-SPY (-rt)             #
#           Command line  =  -f                                                #
#                            C:\Users\Tahsin\AppData\Local\Temp\EWB58A.tmp     #
#                            (D:\Tahsin\Documents\School\3BB4\DP\PID-Temperatu #
#                            re-microcontroller\Debug\Obj\main.r43             #
#                            -o                                                #
#                            "D:\Tahsin\Documents\School\3BB4\DP\PID-Temperatu #
#                            re-microcontroller\Debug\Exe\Design Project.d43"  #
#                            -l                                                #
#                            "D:\Tahsin\Documents\School\3BB4\DP\PID-Temperatu #
#                            re-microcontroller\Debug\List\Design Project.map" #
#                            -xms                                              #
#                            "-IC:\Program Files (x86)\IAR Systems\Embedded Wo #
#                            rkbench 8.5\430\LIB\\"                            #
#                            -f                                                #
#                            "C:\Program Files (x86)\IAR Systems\Embedded Work #
#                            bench 8.5\430\config\linker\lnk430g2553.xcl"      #
#                            (-cmsp430 -QCODE_I=CODE_ID -QTLS16_I=TLS16_ID     #
#                            -Z(CONST)INFO=1000-10FF                           #
#                            -Z(CONST)INFOA=10C0-10FF                          #
#                            -Z(CONST)INFOB=1080-10BF                          #
#                            -Z(CONST)INFOC=1040-107F                          #
#                            -Z(CONST)INFOD=1000-103F                          #
#                            -Z(DATA)DATA16_I,DATA16_Z,DATA16_N,TLS16_I=0200-0 #
#                            3FF                                               #
#                            -Z(DATA)DATA16_HEAP+_DATA16_HEAP_SIZE             #
#                            -Z(DATA)CODE_I -Z(DATA)CSTACK+_STACK_SIZE#        #
#                            -Z(CONST)DATA16_C,DATA16_ID,TLS16_ID,DIFUNCT,CHEC #
#                            KSUM=C000-FFDD                                    #
#                            -Z(CODE)CSTART,ISR_CODE,CODE_ID=C000-FFDD         #
#                            -P(CODE)CODE=C000-FFDD                            #
#                            -Z(CONST)SIGNATURE=FFDE-FFDF                      #
#                            -Z(CODE)INTVEC=FFE0-FFFF                          #
#                            -Z(CODE)RESET=FFFE-FFFF) -D_STACK_SIZE=50 -rt     #
#                            "C:\Program Files (x86)\IAR Systems\Embedded Work #
#                            bench 8.5\430\lib\dlib\dl430fn.r43"               #
#                            -e_PrintfLarge=_Printf -e_ScanfLarge=_Scanf       #
#                            -D_DATA16_HEAP_SIZE=50 -s __program_start         #
#                            -D_DATA20_HEAP_SIZE=50)                           #
#                                                                              #
#                           Copyright (C) 1987-2019 IAR Systems AB.            #
################################################################################





                ****************************************
                *                                      *
                *           CROSS REFERENCE            *
                *                                      *
                ****************************************

       Program entry at :           C000  Relocatable, from module : ?cstart




                ****************************************
                *                                      *
                *            RUNTIME MODEL             *
                *                                      *
                ****************************************

  __Heap_Handler             = Basic
  __SystemLibrary            = DLib
  __core                     = 430
  __dlib_file_descriptor     = 0
  __dlib_full_locale_support = 0
  __double_size              = 32
  __pic                      = no
  __reg_r4                   = free
  __reg_r5                   = free
  __rt_version               = 3

                ****************************************
                *                                      *
                *    AUTOMATIC SYMBOL REDIRECTIONS     *
                *                                      *
                ****************************************

                  There are no automatic symbol redirections.



                ****************************************
                *                                      *
                *              MODULE MAP              *
                *                                      *
                ****************************************


  DEFINED ABSOLUTE ENTRIES
    *************************************************************************

  DEFINED ABSOLUTE ENTRIES
  PROGRAM MODULE, NAME : ?ABS_ENTRY_MOD

Absolute parts
           ENTRY                   ADDRESS         REF BY
           =====                   =======         ======
           _DATA20_HEAP_SIZE       0050 
           _DATA16_HEAP_SIZE       0050 
           _STACK_SIZE             0050 
    *************************************************************************

  FILE NAME : D:\Tahsin\Documents\School\3BB4\DP\PID-Temperature-microcontroller\Debug\Obj\main.r43
  PROGRAM MODULE, NAME : main

  SEGMENTS IN THE MODULE
  ======================
DATA16_AN
  Relative segment, address: 0003 - 0003 (0x1 bytes), align: 0
  Segment part 1. ROOT        Intra module refs:   getc
                                                   putc
           ENTRY                   ADDRESS         REF BY
           =====                   =======         ======
           _A_IFG2                 0003 
           LOCAL                   ADDRESS         
           =====                   =======         
           IFG2                    0003 
           IFG2_bit                0003 
    -------------------------------------------------------------------------
DATA16_AN
  Relative segment, address: 004A - 004A (0x1 bytes), align: 0
  Segment part 2. ROOT        Intra module refs:   Init_ADC
           ENTRY                   ADDRESS         REF BY
           =====                   =======         ======
           ADC10AE0                004A 
    -------------------------------------------------------------------------
DATA16_AN
  Relative segment, address: 01B0 - 01B1 (0x2 bytes), align: 0
  Segment part 3. ROOT        Intra module refs:   Init_ADC
           ENTRY                   ADDRESS         REF BY
           =====                   =======         ======
           _A_ADC10CTL0            01B0 
           LOCAL                   ADDRESS         
           =====                   =======         
           ADC10CTL0               01B0 
           ADC10CTL0_bit           01B0 
    -------------------------------------------------------------------------
DATA16_AN
  Relative segment, address: 01B2 - 01B3 (0x2 bytes), align: 0
  Segment part 4. ROOT        Intra module refs:   Init_ADC
           ENTRY                   ADDRESS         REF BY
           =====                   =======         ======
           _A_ADC10CTL1            01B2 
           LOCAL                   ADDRESS         
           =====                   =======         
           ADC10CTL1               01B2 
           ADC10CTL1_bit           01B2 
    -------------------------------------------------------------------------
DATA16_AN
  Relative segment, address: 01B4 - 01B5 (0x2 bytes), align: 0
  Segment part 5. ROOT        Intra module refs:   Sample
           ENTRY                   ADDRESS         REF BY
           =====                   =======         ======
           ADC10MEM                01B4 
    -------------------------------------------------------------------------
DATA16_AN
  Relative segment, address: 0056 - 0056 (0x1 bytes), align: 0
  Segment part 6. ROOT        Intra module refs:   Init
           ENTRY                   ADDRESS         REF BY
           =====                   =======         ======
           _A_DCOCTL               0056 
           LOCAL                   ADDRESS         
           =====                   =======         
           DCOCTL                  0056 
           DCOCTL_bit              0056 
    -------------------------------------------------------------------------
DATA16_AN
  Relative segment, address: 0057 - 0057 (0x1 bytes), align: 0
  Segment part 7. ROOT        Intra module refs:   Init
           ENTRY                   ADDRESS         REF BY
           =====                   =======         ======
           _A_BCSCTL1              0057 
           LOCAL                   ADDRESS         
           =====                   =======         
           BCSCTL1                 0057 
           BCSCTL1_bit             0057 
    -------------------------------------------------------------------------
DATA16_AN
  Relative segment, address: 0021 - 0021 (0x1 bytes), align: 0
  Segment part 8. ROOT        Intra module refs:   Init
                                                   PORT1_ISR
                                                   main
           ENTRY                   ADDRESS         REF BY
           =====                   =======         ======
           _A_P1OUT                0021 
           LOCAL                   ADDRESS         
           =====                   =======         
           P1OUT                   0021 
           P1OUT_bit               0021 
    -------------------------------------------------------------------------
DATA16_AN
  Relative segment, address: 0022 - 0022 (0x1 bytes), align: 0
  Segment part 9. ROOT        Intra module refs:   Init
           ENTRY                   ADDRESS         REF BY
           =====                   =======         ======
           _A_P1DIR                0022 
           LOCAL                   ADDRESS         
           =====                   =======         
           P1DIR                   0022 
           P1DIR_bit               0022 
    -------------------------------------------------------------------------
DATA16_AN
  Relative segment, address: 0023 - 0023 (0x1 bytes), align: 0
  Segment part 10. ROOT       Intra module refs:   PORT1_ISR
           ENTRY                   ADDRESS         REF BY
           =====                   =======         ======
           _A_P1IFG                0023 
           LOCAL                   ADDRESS         
           =====                   =======         
           P1IFG                   0023 
           P1IFG_bit               0023 
    -------------------------------------------------------------------------
DATA16_AN
  Relative segment, address: 0025 - 0025 (0x1 bytes), align: 0
  Segment part 11. ROOT       Intra module refs:   Init
           ENTRY                   ADDRESS         REF BY
           =====                   =======         ======
           _A_P1IE                 0025 
           LOCAL                   ADDRESS         
           =====                   =======         
           P1IE                    0025 
           P1IE_bit                0025 
    -------------------------------------------------------------------------
DATA16_AN
  Relative segment, address: 0026 - 0026 (0x1 bytes), align: 0
  Segment part 12. ROOT       Intra module refs:   Init_UART
           ENTRY                   ADDRESS         REF BY
           =====                   =======         ======
           _A_P1SEL                0026 
           LOCAL                   ADDRESS         
           =====                   =======         
           P1SEL                   0026 
           P1SEL_bit               0026 
    -------------------------------------------------------------------------
DATA16_AN
  Relative segment, address: 0041 - 0041 (0x1 bytes), align: 0
  Segment part 13. ROOT       Intra module refs:   Init_UART
           ENTRY                   ADDRESS         REF BY
           =====                   =======         ======
           _A_P1SEL2               0041 
           LOCAL                   ADDRESS         
           =====                   =======         
           P1SEL2                  0041 
           P1SEL2_bit              0041 
    -------------------------------------------------------------------------
DATA16_AN
  Relative segment, address: 0027 - 0027 (0x1 bytes), align: 0
  Segment part 14. ROOT       Intra module refs:   Init
           ENTRY                   ADDRESS         REF BY
           =====                   =======         ======
           _A_P1REN                0027 
           LOCAL                   ADDRESS         
           =====                   =======         
           P1REN                   0027 
           P1REN_bit               0027 
    -------------------------------------------------------------------------
DATA16_AN
  Relative segment, address: 0029 - 0029 (0x1 bytes), align: 0
  Segment part 15. ROOT       Intra module refs:   PWM_fun
           ENTRY                   ADDRESS         REF BY
           =====                   =======         ======
           _A_P2OUT                0029 
           LOCAL                   ADDRESS         
           =====                   =======         
           P2OUT                   0029 
           P2OUT_bit               0029 
    -------------------------------------------------------------------------
DATA16_AN
  Relative segment, address: 002A - 002A (0x1 bytes), align: 0
  Segment part 16. ROOT       Intra module refs:   Init_PWM
           ENTRY                   ADDRESS         REF BY
           =====                   =======         ======
           _A_P2DIR                002A 
           LOCAL                   ADDRESS         
           =====                   =======         
           P2DIR                   002A 
           P2DIR_bit               002A 
    -------------------------------------------------------------------------
DATA16_AN
  Relative segment, address: 002E - 002E (0x1 bytes), align: 0
  Segment part 17. ROOT       Intra module refs:   Init_PWM
           ENTRY                   ADDRESS         REF BY
           =====                   =======         ======
           _A_P2SEL                002E 
           LOCAL                   ADDRESS         
           =====                   =======         
           P2SEL                   002E 
           P2SEL_bit               002E 
    -------------------------------------------------------------------------
DATA16_AN
  Relative segment, address: 002F - 002F (0x1 bytes), align: 0
  Segment part 18. ROOT       Intra module refs:   Init_PWM
           ENTRY                   ADDRESS         REF BY
           =====                   =======         ======
           _A_P2REN                002F 
           LOCAL                   ADDRESS         
           =====                   =======         
           P2REN                   002F 
           P2REN_bit               002F 
    -------------------------------------------------------------------------
DATA16_AN
  Relative segment, address: 0180 - 0181 (0x2 bytes), align: 0
  Segment part 19. ROOT       Intra module refs:   Init_PWM
                                                   PWM_fun
           ENTRY                   ADDRESS         REF BY
           =====                   =======         ======
           _A_TA1CTL               0180 
           LOCAL                   ADDRESS         
           =====                   =======         
           TA1CTL                  0180 
           TA1CTL_bit              0180 
    -------------------------------------------------------------------------
DATA16_AN
  Relative segment, address: 0184 - 0185 (0x2 bytes), align: 0
  Segment part 20. ROOT       Intra module refs:   Init_PWM
           ENTRY                   ADDRESS         REF BY
           =====                   =======         ======
           _A_TA1CCTL1             0184 
           LOCAL                   ADDRESS         
           =====                   =======         
           TA1CCTL1                0184 
           TA1CCTL1_bit            0184 
    -------------------------------------------------------------------------
DATA16_AN
  Relative segment, address: 0192 - 0193 (0x2 bytes), align: 0
  Segment part 21. ROOT       Intra module refs:   Init_PWM
           ENTRY                   ADDRESS         REF BY
           =====                   =======         ======
           TA1CCR0                 0192 
    -------------------------------------------------------------------------
DATA16_AN
  Relative segment, address: 0194 - 0195 (0x2 bytes), align: 0
  Segment part 22. ROOT       Intra module refs:   Init_PWM
                                                   PWM_fun
           ENTRY                   ADDRESS         REF BY
           =====                   =======         ======
           TA1CCR1                 0194 
    -------------------------------------------------------------------------
DATA16_AN
  Relative segment, address: 0061 - 0061 (0x1 bytes), align: 0
  Segment part 23. ROOT       Intra module refs:   Init_UART
           ENTRY                   ADDRESS         REF BY
           =====                   =======         ======
           _A_UCA0CTL1             0061 
           LOCAL                   ADDRESS         
           =====                   =======         
           UCA0CTL1                0061 
           UCA0CTL1__SPI           0061 
           UCA0CTL1__SPI_bit       0061 
           UCA0CTL1_bit            0061 
    -------------------------------------------------------------------------
DATA16_AN
  Relative segment, address: 0062 - 0062 (0x1 bytes), align: 0
  Segment part 24. ROOT       Intra module refs:   Init_UART
           ENTRY                   ADDRESS         REF BY
           =====                   =======         ======
           _A_UCA0BR0              0062 
           LOCAL                   ADDRESS         
           =====                   =======         
           UCA0BR0                 0062 
           UCA0BR0__SPI            0062 
    -------------------------------------------------------------------------
DATA16_AN
  Relative segment, address: 0063 - 0063 (0x1 bytes), align: 0
  Segment part 25. ROOT       Intra module refs:   Init_UART
           ENTRY                   ADDRESS         REF BY
           =====                   =======         ======
           _A_UCA0BR1              0063 
           LOCAL                   ADDRESS         
           =====                   =======         
           UCA0BR1                 0063 
           UCA0BR1__SPI            0063 
    -------------------------------------------------------------------------
DATA16_AN
  Relative segment, address: 0064 - 0064 (0x1 bytes), align: 0
  Segment part 26. ROOT       Intra module refs:   Init_UART
           ENTRY                   ADDRESS         REF BY
           =====                   =======         ======
           _A_UCA0MCTL             0064 
           LOCAL                   ADDRESS         
           =====                   =======         
           UCA0MCTL                0064 
           UCA0MCTL__SPI           0064 
           UCA0MCTL_bit            0064 
    -------------------------------------------------------------------------
DATA16_AN
  Relative segment, address: 0066 - 0066 (0x1 bytes), align: 0
  Segment part 27. ROOT       Intra module refs:   getc
           ENTRY                   ADDRESS         REF BY
           =====                   =======         ======
           _A_UCA0RXBUF            0066 
           LOCAL                   ADDRESS         
           =====                   =======         
           UCA0RXBUF               0066 
           UCA0RXBUF__SPI          0066 
    -------------------------------------------------------------------------
DATA16_AN
  Relative segment, address: 0067 - 0067 (0x1 bytes), align: 0
  Segment part 28. ROOT       Intra module refs:   putc
           ENTRY                   ADDRESS         REF BY
           =====                   =======         ======
           _A_UCA0TXBUF            0067 
           LOCAL                   ADDRESS         
           =====                   =======         
           UCA0TXBUF               0067 
           UCA0TXBUF__SPI          0067 
    -------------------------------------------------------------------------
DATA16_AN
  Relative segment, address: 0120 - 0121 (0x2 bytes), align: 0
  Segment part 29. ROOT       Intra module refs:   Init
           ENTRY                   ADDRESS         REF BY
           =====                   =======         ======
           _A_WDTCTL               0120 
           LOCAL                   ADDRESS         
           =====                   =======         
           WDTCTL                  0120 
           WDTCTL_bit              0120 
    -------------------------------------------------------------------------
DATA16_AN
  Relative segment, address: 10F8 - 10F8 (0x1 bytes), align: 0
  Segment part 30. ROOT       Intra module refs:   Init
           ENTRY                   ADDRESS         REF BY
           =====                   =======         ======
           CALDCO_16MHZ            10F8 
    -------------------------------------------------------------------------
DATA16_AN
  Relative segment, address: 10F9 - 10F9 (0x1 bytes), align: 0
  Segment part 31. ROOT       Intra module refs:   Init
           ENTRY                   ADDRESS         REF BY
           =====                   =======         ======
           CALBC1_16MHZ            10F9 
    -------------------------------------------------------------------------
DATA16_Z
  Relative segment, address: 0216 - 03A5 (0x190 bytes), align: 0
  Segment part 35.            Intra module refs:   Sample
                                                   ToVoltage
           ENTRY                   ADDRESS         REF BY
           =====                   =======         ======
           v                       0216 
    -------------------------------------------------------------------------
DATA16_Z
  Relative segment, address: 0200 - 0213 (0x14 bytes), align: 1
  Segment part 36.            Intra module refs:   PID_fun
                                                   ToVoltage
           ENTRY                   ADDRESS         REF BY
           =====                   =======         ======
           Vth_V0                  0200 
    -------------------------------------------------------------------------
<CODE> 1 (was CODE)
  Relative segment, address: D856 - D85F (0xa bytes), align: 1
  Segment part 40.            Intra module refs:   PORT1_ISR::??INTVEC 4
           ENTRY                   ADDRESS         REF BY
           =====                   =======         ======
           PORT1_ISR               D856 
               interrupt function
    -------------------------------------------------------------------------
<CODE> 1 (was CODE)
  Relative segment, address: D580 - D5AF (0x30 bytes), align: 1
  Segment part 41.            Intra module refs:   main
           ENTRY                   ADDRESS         REF BY
           =====                   =======         ======
           Init_UART               D580 
    -------------------------------------------------------------------------
<CODE> 1 (was CODE)
  Relative segment, address: D7E8 - D7F3 (0xc bytes), align: 1
  Segment part 42.            Intra module refs:   SetTemp
           ENTRY                   ADDRESS         REF BY
           =====                   =======         ======
           getc                    D7E8 
    -------------------------------------------------------------------------
<CODE> 1 (was CODE)
  Relative segment, address: D722 - D733 (0x12 bytes), align: 1
  Segment part 43.            Intra module refs:   Send3Digit
           ENTRY                   ADDRESS         REF BY
           =====                   =======         ======
           putc                    D722 
    -------------------------------------------------------------------------
<CODE> 1 (was CODE)
  Relative segment, address: D692 - D6AB (0x1a bytes), align: 1
  Segment part 47.            Intra module refs:   main
           ENTRY                   ADDRESS         REF BY
           =====                   =======         ======
           Init_ADC                D692 
    -------------------------------------------------------------------------
<CODE> 1 (was CODE)
  Relative segment, address: D6E0 - D6F7 (0x18 bytes), align: 1
  Segment part 48.            Intra module refs:   main
           ENTRY                   ADDRESS         REF BY
           =====                   =======         ======
           Sample                  D6E0 
    -------------------------------------------------------------------------
<CODE> 1 (was CODE)
  Relative segment, address: D1E6 - D273 (0x8e bytes), align: 1
  Segment part 49.            Intra module refs:   main
           ENTRY                   ADDRESS         REF BY
           =====                   =======         ======
           ToVoltage               D1E6 
               calls direct
    -------------------------------------------------------------------------
<CODE> 1 (was CODE)
  Relative segment, address: CFE2 - D0BF (0xde bytes), align: 1
  Segment part 51.            Intra module refs:   main
           ENTRY                   ADDRESS         REF BY
           =====                   =======         ======
           Send3Digit              CFE2 
               calls direct
    -------------------------------------------------------------------------
<CODE> 1 (was CODE)
  Relative segment, address: D5E0 - D60D (0x2e bytes), align: 1
  Segment part 53.            Intra module refs:   main
           ENTRY                   ADDRESS         REF BY
           =====                   =======         ======
           Init_PWM                D5E0 
    -------------------------------------------------------------------------
<CODE> 1 (was CODE)
  Relative segment, address: D4B0 - D4EB (0x3c bytes), align: 1
  Segment part 54.            Intra module refs:   PID_fun
           ENTRY                   ADDRESS         REF BY
           =====                   =======         ======
           PWM_fun                 D4B0 
               calls direct
    -------------------------------------------------------------------------
<CODE> 1 (was CODE)
  Relative segment, address: D658 - D675 (0x1e bytes), align: 1
  Segment part 55.            Intra module refs:   main
           ENTRY                   ADDRESS         REF BY
           =====                   =======         ======
           SetTemp                 D658 
               calls direct
    -------------------------------------------------------------------------
<CODE> 1 (was CODE)
  Relative segment, address: C018 - C4EB (0x4d4 bytes), align: 1
  Segment part 56.            Intra module refs:   main
           ENTRY                   ADDRESS         REF BY
           =====                   =======         ======
           PID_fun                 C018 
               calls direct
    -------------------------------------------------------------------------
<CODE> 1 (was CODE)
  Relative segment, address: D60E - D633 (0x26 bytes), align: 1
  Segment part 57.            Intra module refs:   main
           ENTRY                   ADDRESS         REF BY
           =====                   =======         ======
           Init                    D60E 
    -------------------------------------------------------------------------
<CODE> 1 (was CODE)
  Relative segment, address: D2F6 - D373 (0x7e bytes), align: 1
  Segment part 58.
           ENTRY                   ADDRESS         REF BY
           =====                   =======         ======
           main                    D2F6            Segment part 19 (?cstart)
               calls direct
    -------------------------------------------------------------------------
INTVEC
  Common segment, address: FFE0 - FFE5 (0x6 bytes), align: 1
  Segment part 32. ROOT 
           ENTRY                   ADDRESS         REF BY
           =====                   =======         ======
           PORT1_ISR::??INTVEC 4   FFE4 

    *************************************************************************

  FILE NAME : C:\Program Files (x86)\IAR Systems\Embedded Workbench 8.5\430\lib\dlib\dl430fn.r43
  LIBRARY MODULE, NAME : ?__dbg_break

  SEGMENTS IN THE MODULE
  ======================
<CODE> 1 (was CODE)
  Relative segment, address: D878 - D879 (0x2 bytes), align: 1
  Segment part 2.
           ENTRY                   ADDRESS         REF BY
           =====                   =======         ======
           __DebugBreak            D878            __exit (?__exit)

    -------------------------------------------------------------------------
  LIBRARY MODULE, NAME : ?__exit

  SEGMENTS IN THE MODULE
  ======================
<CODE> 1 (was CODE)
  Relative segment, address: D710 - D721 (0x12 bytes), align: 1
  Segment part 2.
           ENTRY                   ADDRESS         REF BY
           =====                   =======         ======
           __exit                  D710            Segment part 6 (?_exit)
                                                   _exit (?_exit)
               calls direct

    -------------------------------------------------------------------------
  LIBRARY MODULE, NAME : ?_exit

  SEGMENTS IN THE MODULE
  ======================
<CODE> 1 (was CODE)
  Relative segment, address: D874, align: 1
  Segment part 0.
           ENTRY                   ADDRESS         REF BY
           =====                   =======         ======
           _exit                   D874            exit (?exit)
    -------------------------------------------------------------------------
<CODE> 1 (was CODE)
  Relative segment, address: D874 - D877 (0x4 bytes), align: 1
  Segment part 6.             Intra module refs:   _exit

    -------------------------------------------------------------------------
  LIBRARY MODULE, NAME : ?cstart

  SEGMENTS IN THE MODULE
  ======================
CSTACK
  Relative segment, address: 03B0, align: 1
  Segment part 1.
    -------------------------------------------------------------------------
DATA16_Z
  Relative segment, address: 0214, align: 1
  Segment part 2.
    -------------------------------------------------------------------------
CSTART
  Relative segment, address: C000 - C003 (0x4 bytes), align: 1
  Segment part 9.
           ENTRY                   ADDRESS         REF BY
           =====                   =======         ======
           __program_start         C000            ?reset_vector (?reset_vector)
                                                   Absolute parts (?ABS_ENTRY_MOD)
           ?cstart_begin           C000 
    -------------------------------------------------------------------------
CSTART
  Relative segment, address: C004 - C00F (0xc bytes), align: 1
  Segment part 14.
           ENTRY                   ADDRESS         REF BY
           =====                   =======         ======
           ?cstart_init_zero       C004            Vth_V0 (main)
                                                   __iar_Errno (?errno)
                                                   v (main)
    -------------------------------------------------------------------------
CSTART
  Relative segment, address: C010 - C017 (0x8 bytes), align: 1
  Segment part 19.            Intra module refs:   Segment part 9
           ENTRY                   ADDRESS         REF BY
           =====                   =======         ======
           ?cstart_call_main       C010 
           ?cstart_end             C018 

    -------------------------------------------------------------------------
  LIBRARY MODULE, NAME : ?reset_vector

  SEGMENTS IN THE MODULE
  ======================
RESET
  Relative segment, address: FFFE - FFFF (0x2 bytes), align: 1
  Segment part 0.
           ENTRY                   ADDRESS         REF BY
           =====                   =======         ======
           ?reset_vector           FFFE            Segment part 9 (?cstart)

    -------------------------------------------------------------------------
  LIBRARY MODULE, NAME : ?Epilogue

  SEGMENTS IN THE MODULE
  ======================
<CODE> 1 (was CODE)
  Relative segment, address: D734 - D735 (0x2 bytes), align: 1
  Segment part 0.
           ENTRY                   ADDRESS         REF BY
           =====                   =======         ======
           ?Epilogue8              D734            PID_fun (main)
    -------------------------------------------------------------------------
<CODE> 1 (was CODE)
  Relative segment, address: D736 - D737 (0x2 bytes), align: 1
  Segment part 1.             Intra module refs:   ?Epilogue8
           ENTRY                   ADDRESS         REF BY
           =====                   =======         ======
           ?Epilogue7              D736            ToVoltage (main)
    -------------------------------------------------------------------------
<CODE> 1 (was CODE)
  Relative segment, address: D738 - D739 (0x2 bytes), align: 1
  Segment part 2.             Intra module refs:   ?Epilogue7
           ENTRY                   ADDRESS         REF BY
           =====                   =======         ======
           ?Epilogue6              D738            __iar_Log (?xlog)
                                                   internal_Pow (?pow)
    -------------------------------------------------------------------------
<CODE> 1 (was CODE)
  Relative segment, address: D73A - D73B (0x2 bytes), align: 1
  Segment part 3.             Intra module refs:   ?Epilogue6
           ENTRY                   ADDRESS         REF BY
           =====                   =======         ======
           ?Epilogue5              D73A 
    -------------------------------------------------------------------------
<CODE> 1 (was CODE)
  Relative segment, address: D73C - D73D (0x2 bytes), align: 1
  Segment part 4.             Intra module refs:   ?Epilogue5
           ENTRY                   ADDRESS         REF BY
           =====                   =======         ======
           ?Epilogue4              D73C 
    -------------------------------------------------------------------------
<CODE> 1 (was CODE)
  Relative segment, address: D73E - D745 (0x8 bytes), align: 1
  Segment part 5.             Intra module refs:   ?Epilogue4
           ENTRY                   ADDRESS         REF BY
           =====                   =======         ======
           ?Epilogue3              D73E            Send3Digit (main)

    -------------------------------------------------------------------------
  LIBRARY MODULE, NAME : ?errno

  SEGMENTS IN THE MODULE
  ======================
DATA16_Z
  Relative segment, address: 0214 - 0215 (0x2 bytes), align: 1
  Segment part 2.
           ENTRY                   ADDRESS         REF BY
           =====                   =======         ======
           __iar_Errno             0214            __iar_Exp (?xexp)
                                                   __iar_Log (?xlog)
                                                   internal_Pow (?pow)

    -------------------------------------------------------------------------
  LIBRARY MODULE, NAME : ?exit

  SEGMENTS IN THE MODULE
  ======================
<CODE> 1 (was CODE)
  Relative segment, address: D870 - D873 (0x4 bytes), align: 1
  Segment part 2.
           ENTRY                   ADDRESS         REF BY
           =====                   =======         ======
           exit                    D870            Segment part 19 (?cstart)
               calls direct

    -------------------------------------------------------------------------
  LIBRARY MODULE, NAME : ?Cast32f32i

  SEGMENTS IN THE MODULE
  ======================
<CODE> 1 (was CODE)
  Relative segment, address: D154 - D167 (0x14 bytes), align: 1
  Segment part 0.
           ENTRY                   ADDRESS         REF BY
           =====                   =======         ======
           _Cast32sto32f           D154            PID_fun (main)
                                                   Send3Digit (main)
                                                   __iar_Exp (?xexp)
                                                   __iar_Log (?xlog)
                                                   internal_Pow (?pow)
    -------------------------------------------------------------------------
<CODE> 1 (was CODE)
  Relative segment, address: D168 - D1E5 (0x7e bytes), align: 1
  Segment part 1.             Intra module refs:   _Cast32sto32f
           ENTRY                   ADDRESS         REF BY
           =====                   =======         ======
           _Cast32uto32f           D168            PID_fun (main)
                                                   ToVoltage (main)
                                                   main (main)

    -------------------------------------------------------------------------
  LIBRARY MODULE, NAME : _Cast32fto32s

  SEGMENTS IN THE MODULE
  ======================
<CODE> 1 (was CODE)
  Relative segment, address: D51E - D54F (0x32 bytes), align: 1
  Segment part 0.
           ENTRY                   ADDRESS         REF BY
           =====                   =======         ======
           _Cast32fto32s           D51E            PWM_fun (main)
                                                   Send3Digit (main)
                                                   __iar_Exp (?xexp)
                                                   internal_Pow (?pow)

    -------------------------------------------------------------------------
  LIBRARY MODULE, NAME : ?FLT_Extract

  SEGMENTS IN THE MODULE
  ======================
<CODE> 1 (was CODE)
  Relative segment, address: D41C - D467 (0x4c bytes), align: 1
  Segment part 0.
           ENTRY                   ADDRESS         REF BY
           =====                   =======         ======
           ?FLT_Extract            D41C            _Cast32fto32s (_Cast32fto32s)

    -------------------------------------------------------------------------
  LIBRARY MODULE, NAME : ?FLT_EQ

  SEGMENTS IN THE MODULE
  ======================
<CODE> 1 (was CODE)
  Relative segment, address: D5B0 - D5DF (0x30 bytes), align: 1
  Segment part 0.
           ENTRY                   ADDRESS         REF BY
           =====                   =======         ======
           ?FLT_EQ                 D5B0            Segment part 5 (?xexp)
                                                   __iar_Exp (?xexp)
                                                   internal_Pow (?pow)

    -------------------------------------------------------------------------
  LIBRARY MODULE, NAME : ?FLT_GE

  SEGMENTS IN THE MODULE
  ======================
<CODE> 1 (was CODE)
  Relative segment, address: D374 - D3C9 (0x56 bytes), align: 1
  Segment part 0.
           ENTRY                   ADDRESS         REF BY
           =====                   =======         ======
           ?FLT_GE                 D374            __iar_Exp (?xexp)
                                                   internal_Pow (?pow)

    -------------------------------------------------------------------------
  LIBRARY MODULE, NAME : ?FLT_LT

  SEGMENTS IN THE MODULE
  ======================
<CODE> 1 (was CODE)
  Relative segment, address: D3CA - D41B (0x52 bytes), align: 1
  Segment part 0.
           ENTRY                   ADDRESS         REF BY
           =====                   =======         ======
           ?FLT_LT                 D3CA            PID_fun (main)
                                                   PWM_fun (main)
                                                   __iar_Exp (?xexp)
                                                   __iar_Log (?xlog)
                                                   internal_Pow (?pow)

    -------------------------------------------------------------------------
  LIBRARY MODULE, NAME : _Mul32f

  SEGMENTS IN THE MODULE
  ======================
<CODE> 1 (was CODE)
  Relative segment, address: CED2 - CFE1 (0x110 bytes), align: 1
  Segment part 0.
           ENTRY                   ADDRESS         REF BY
           =====                   =======         ======
           _Mul32f                 CED2            PID_fun (main)
                                                   PWM_fun (main)
                                                   Segment part 3 (?pow)
                                                   Segment part 4 (?xexp)
                                                   Segment part 4 (?xlog)
                                                   Segment part 6 (?xlog)
                                                   Segment part 8 (?xexp)
                                                   Segment part 8 (?xlog)
                                                   Segment part 9 (?xlog)
                                                   Send3Digit (main)
                                                   ToVoltage (main)
                                                   __iar_Exp (?xexp)
                                                   __iar_Log (?xlog)
                                                   internal_Pow (?pow)

    -------------------------------------------------------------------------
  LIBRARY MODULE, NAME : _Div32f

  SEGMENTS IN THE MODULE
  ======================
<CODE> 1 (was CODE)
  Relative segment, address: CDA2 - CED1 (0x130 bytes), align: 1
  Segment part 0.
           ENTRY                   ADDRESS         REF BY
           =====                   =======         ======
           _Div32f                 CDA2            PID_fun (main)
                                                   __iar_Exp (?xexp)
                                                   __iar_Log (?xlog)
                                                   internal_Pow (?pow)

    -------------------------------------------------------------------------
  LIBRARY MODULE, NAME : _Add32f

  SEGMENTS IN THE MODULE
  ======================
<CODE> 1 (was CODE)
  Relative segment, address: CC3E - CC41 (0x4 bytes), align: 1
  Segment part 0.
           ENTRY                   ADDRESS         REF BY
           =====                   =======         ======
           _Sub32f                 CC3E            PID_fun (main)
                                                   Segment part 6 (?xlog)
                                                   __iar_Exp (?xexp)
                                                   __iar_Log (?xlog)
                                                   internal_Pow (?pow)
    -------------------------------------------------------------------------
<CODE> 1 (was CODE)
  Relative segment, address: CC42 - CDA1 (0x160 bytes), align: 1
  Segment part 1.             Intra module refs:   _Sub32f
           ENTRY                   ADDRESS         REF BY
           =====                   =======         ======
           _Add32f                 CC42            PID_fun (main)
                                                   PWM_fun (main)
                                                   Segment part 3 (?xexp)
                                                   Segment part 3 (?xlog)
                                                   Segment part 8 (?xlog)
                                                   Segment part 9 (?xlog)
                                                   ToVoltage (main)
                                                   __iar_Exp (?xexp)
                                                   __iar_Log (?xlog)
                                                   internal_Pow (?pow)

    -------------------------------------------------------------------------
  LIBRARY MODULE, NAME : ?log

  SEGMENTS IN THE MODULE
  ======================
<CODE> 1 (was CODE)
  Relative segment, address: D86A - D86F (0x6 bytes), align: 1
  Segment part 2.
           ENTRY                   ADDRESS         REF BY
           =====                   =======         ======
           log                     D86A            PID_fun (main)
               calls direct

    -------------------------------------------------------------------------
  LIBRARY MODULE, NAME : ?Mul816

  SEGMENTS IN THE MODULE
  ======================
<CODE> 1 (was CODE)
  Relative segment, address: D4EC - D4EF (0x4 bytes), align: 1
  Segment part 0.
           ENTRY                   ADDRESS         REF BY
           =====                   =======         ======
           ?Mul8                   D4EC            Send3Digit (main)
    -------------------------------------------------------------------------
<CODE> 1 (was CODE)
  Relative segment, address: D4F0 - D51D (0x2e bytes), align: 1
  Segment part 1.             Intra module refs:   ?Mul8
           ENTRY                   ADDRESS         REF BY
           =====                   =======         ======
           ?Mul16                  D4F0            ToVoltage (main)
           ?Mul16to32u             D4F0 

    -------------------------------------------------------------------------
  LIBRARY MODULE, NAME : ?DivMod816u

  SEGMENTS IN THE MODULE
  ======================
<CODE> 1 (was CODE)
  Relative segment, address: D676 - D679 (0x4 bytes), align: 1
  Segment part 0.
           ENTRY                   ADDRESS         REF BY
           =====                   =======         ======
           ?DivMod8u               D676            ToVoltage (main)
    -------------------------------------------------------------------------
<CODE> 1 (was CODE)
  Relative segment, address: D67A - D691 (0x18 bytes), align: 1
  Segment part 1.             Intra module refs:   ?DivMod8u
           ENTRY                   ADDRESS         REF BY
           =====                   =======         ======
           ?DivMod16u              D67A            ?DivMod16s (?DivMod816s)

    -------------------------------------------------------------------------
  LIBRARY MODULE, NAME : ?DivMod816s

  SEGMENTS IN THE MODULE
  ======================
<CODE> 1 (was CODE)
  Relative segment, address: D550 - D57F (0x30 bytes), align: 1
  Segment part 1.
           ENTRY                   ADDRESS         REF BY
           =====                   =======         ======
           ?DivMod16s              D550            Send3Digit (main)

    -------------------------------------------------------------------------
  LIBRARY MODULE, NAME : ?ShiftLeft16

  SEGMENTS IN THE MODULE
  ======================
<CODE> 1 (was CODE)
  Relative segment, address: D7DC - D7E7 (0xc bytes), align: 1
  Segment part 0.
           ENTRY                   ADDRESS         REF BY
           =====                   =======         ======
           ?ShiftLeft16            D7DC            __iar_Dint (?xdint)

    -------------------------------------------------------------------------
  LIBRARY MODULE, NAME : ?ShiftLeft16_n

  SEGMENTS IN THE MODULE
  ======================
<CODE> 1 (was CODE)
  Relative segment, address: D766 - D767 (0x2 bytes), align: 1
  Segment part 0.
           ENTRY                   ADDRESS         REF BY
           =====                   =======         ======
           ?ShiftLeft16_7          D766            __iar_Dscale (?xdscale)
    -------------------------------------------------------------------------
<CODE> 1 (was CODE)
  Relative segment, address: D768 - D769 (0x2 bytes), align: 1
  Segment part 1.             Intra module refs:   ?ShiftLeft16_7
           ENTRY                   ADDRESS         REF BY
           =====                   =======         ======
           ?ShiftLeft16_6          D768 
    -------------------------------------------------------------------------
<CODE> 1 (was CODE)
  Relative segment, address: D76A - D76B (0x2 bytes), align: 1
  Segment part 2.             Intra module refs:   ?ShiftLeft16_6
           ENTRY                   ADDRESS         REF BY
           =====                   =======         ======
           ?ShiftLeft16_5          D76A 
    -------------------------------------------------------------------------
<CODE> 1 (was CODE)
  Relative segment, address: D76C - D76D (0x2 bytes), align: 1
  Segment part 3.             Intra module refs:   ?ShiftLeft16_5
           ENTRY                   ADDRESS         REF BY
           =====                   =======         ======
           ?ShiftLeft16_4          D76C 
    -------------------------------------------------------------------------
<CODE> 1 (was CODE)
  Relative segment, address: D76E - D775 (0x8 bytes), align: 1
  Segment part 4.             Intra module refs:   ?ShiftLeft16_4
           ENTRY                   ADDRESS         REF BY
           =====                   =======         ======
           ?ShiftLeft16_3          D76E 

    -------------------------------------------------------------------------
  LIBRARY MODULE, NAME : ?ShiftRight16u_n

  SEGMENTS IN THE MODULE
  ======================
<CODE> 1 (was CODE)
  Relative segment, address: D6C6 - D6C9 (0x4 bytes), align: 1
  Segment part 0.
           ENTRY                   ADDRESS         REF BY
           =====                   =======         ======
           ?ShiftRight16u_7        D6C6            __iar_Dint (?xdint)
                                                   __iar_Dscale (?xdscale)
                                                   __iar_Dtest (?xdtest)
                                                   __iar_Dunscale (?xdunscal)
    -------------------------------------------------------------------------
<CODE> 1 (was CODE)
  Relative segment, address: D6CA - D6CD (0x4 bytes), align: 1
  Segment part 1.             Intra module refs:   ?ShiftRight16u_7
           ENTRY                   ADDRESS         REF BY
           =====                   =======         ======
           ?ShiftRight16u_6        D6CA 
    -------------------------------------------------------------------------
<CODE> 1 (was CODE)
  Relative segment, address: D6CE - D6D1 (0x4 bytes), align: 1
  Segment part 2.             Intra module refs:   ?ShiftRight16u_6
           ENTRY                   ADDRESS         REF BY
           =====                   =======         ======
           ?ShiftRight16u_5        D6CE 
    -------------------------------------------------------------------------
<CODE> 1 (was CODE)
  Relative segment, address: D6D2 - D6D5 (0x4 bytes), align: 1
  Segment part 3.             Intra module refs:   ?ShiftRight16u_5
           ENTRY                   ADDRESS         REF BY
           =====                   =======         ======
           ?ShiftRight16u_4        D6D2 
    -------------------------------------------------------------------------
<CODE> 1 (was CODE)
  Relative segment, address: D6D6 - D6DF (0xa bytes), align: 1
  Segment part 4.             Intra module refs:   ?ShiftRight16u_4
           ENTRY                   ADDRESS         REF BY
           =====                   =======         ======
           ?ShiftRight16u_3        D6D6 

    -------------------------------------------------------------------------
  LIBRARY MODULE, NAME : ?ClearMemoryWords

  SEGMENTS IN THE MODULE
  ======================
<CODE> 1 (was CODE)
  Relative segment, address: D756 - D765 (0x10 bytes), align: 1
  Segment part 0.
           ENTRY                   ADDRESS         REF BY
           =====                   =======         ======
           ?ClearMemoryWords       D756            PID_fun (main)

    -------------------------------------------------------------------------
  LIBRARY MODULE, NAME : ?memzero

  SEGMENTS IN THE MODULE
  ======================
<CODE> 1 (was CODE)
  Relative segment, address: D746 - D755 (0x10 bytes), align: 1
  Segment part 2.
           ENTRY                   ADDRESS         REF BY
           =====                   =======         ======
           __data16_memzero        D746            ?cstart_init_zero (?cstart)

    -------------------------------------------------------------------------
  LIBRARY MODULE, NAME : ?pow

  SEGMENTS IN THE MODULE
  ======================
<CODE> 1 (was CODE)
  Relative segment, address: C4EC - C82B (0x340 bytes), align: 1
  Segment part 2.             Intra module refs:   pow
           LOCAL                   ADDRESS         
           =====                   =======         
           internal_Pow            C4EC 
               calls direct
    -------------------------------------------------------------------------
<CODE> 1 (was CODE)
  Relative segment, address: D818 - D823 (0xc bytes), align: 1
  Segment part 3.             Intra module refs:   internal_Pow
    -------------------------------------------------------------------------
<CODE> 1 (was CODE)
  Relative segment, address: D82E - D837 (0xa bytes), align: 1
  Segment part 4.             Intra module refs:   internal_Pow
    -------------------------------------------------------------------------
<CODE> 1 (was CODE)
  Relative segment, address: D800 - D80B (0xc bytes), align: 1
  Segment part 5.             Intra module refs:   internal_Pow
    -------------------------------------------------------------------------
<CODE> 1 (was CODE)
  Relative segment, address: D7F4 - D7FF (0xc bytes), align: 1
  Segment part 6.             Intra module refs:   internal_Pow
    -------------------------------------------------------------------------
<CODE> 1 (was CODE)
  Relative segment, address: D838 - D841 (0xa bytes), align: 1
  Segment part 7.
           ENTRY                   ADDRESS         REF BY
           =====                   =======         ======
           pow                     D838            PID_fun (main)
               calls direct

    -------------------------------------------------------------------------
  LIBRARY MODULE, NAME : ?xdint

  SEGMENTS IN THE MODULE
  ======================
<CODE> 1 (was CODE)
  Relative segment, address: D274 - D2F5 (0x82 bytes), align: 1
  Segment part 2.
           ENTRY                   ADDRESS         REF BY
           =====                   =======         ======
           __iar_Dint              D274            internal_Pow (?pow)
               calls direct

    -------------------------------------------------------------------------
  LIBRARY MODULE, NAME : ?xdscale

  SEGMENTS IN THE MODULE
  ======================
<CODE> 1 (was CODE)
  Relative segment, address: D0C0 - D153 (0x94 bytes), align: 1
  Segment part 2.
           ENTRY                   ADDRESS         REF BY
           =====                   =======         ======
           __iar_Dscale            D0C0            __iar_Exp (?xexp)
               calls direct

    -------------------------------------------------------------------------
  LIBRARY MODULE, NAME : ?xdtest

  SEGMENTS IN THE MODULE
  ======================
<CODE> 1 (was CODE)
  Relative segment, address: D634 - D657 (0x24 bytes), align: 1
  Segment part 2.
           ENTRY                   ADDRESS         REF BY
           =====                   =======         ======
           __iar_Dtest             D634            __iar_Exp (?xexp)
               calls direct

    -------------------------------------------------------------------------
  LIBRARY MODULE, NAME : ?xdunscal

  SEGMENTS IN THE MODULE
  ======================
<CODE> 1 (was CODE)
  Relative segment, address: D468 - D4AF (0x48 bytes), align: 1
  Segment part 2.
           ENTRY                   ADDRESS         REF BY
           =====                   =======         ======
           __iar_Dunscale          D468            __iar_Log (?xlog)
                                                   internal_Pow (?pow)
               calls direct

    -------------------------------------------------------------------------
  LIBRARY MODULE, NAME : ?xexp

  SEGMENTS IN THE MODULE
  ======================
<CODE> 1 (was CODE)
  Relative segment, address: C82C - CA67 (0x23c bytes), align: 1
  Segment part 2.
           ENTRY                   ADDRESS         REF BY
           =====                   =======         ======
           __iar_Exp               C82C            internal_Pow (?pow)
               calls direct
    -------------------------------------------------------------------------
<CODE> 1 (was CODE)
  Relative segment, address: D7C0 - D7CD (0xe bytes), align: 1
  Segment part 3.             Intra module refs:   __iar_Exp
    -------------------------------------------------------------------------
<CODE> 1 (was CODE)
  Relative segment, address: D824 - D82D (0xa bytes), align: 1
  Segment part 4.             Intra module refs:   __iar_Exp
    -------------------------------------------------------------------------
<CODE> 1 (was CODE)
  Relative segment, address: D80C - D817 (0xc bytes), align: 1
  Segment part 5.             Intra module refs:   __iar_Exp
    -------------------------------------------------------------------------
<CODE> 1 (was CODE)
  Relative segment, address: D842 - D84B (0xa bytes), align: 1
  Segment part 6.             Intra module refs:   Segment part 5
                                                   __iar_Exp
    -------------------------------------------------------------------------
<CODE> 1 (was CODE)
  Relative segment, address: D84C - D855 (0xa bytes), align: 1
  Segment part 7.             Intra module refs:   __iar_Exp
    -------------------------------------------------------------------------
<CODE> 1 (was CODE)
  Relative segment, address: D7CE - D7DB (0xe bytes), align: 1
  Segment part 8.             Intra module refs:   __iar_Exp
    -------------------------------------------------------------------------
<CODE> 1 (was CODE)
  Relative segment, address: D7A4 - D7B1 (0xe bytes), align: 1
  Segment part 9.             Intra module refs:   __iar_Exp

    -------------------------------------------------------------------------
  LIBRARY MODULE, NAME : ?xlog

  SEGMENTS IN THE MODULE
  ======================
<CODE> 1 (was CODE)
  Relative segment, address: CA68 - CC3D (0x1d6 bytes), align: 1
  Segment part 2.
           ENTRY                   ADDRESS         REF BY
           =====                   =======         ======
           __iar_Log               CA68            log (?log)
               calls direct
    -------------------------------------------------------------------------
<CODE> 1 (was CODE)
  Relative segment, address: D7B2 - D7BF (0xe bytes), align: 1
  Segment part 3.             Intra module refs:   __iar_Log
    -------------------------------------------------------------------------
<CODE> 1 (was CODE)
  Relative segment, address: D796 - D7A3 (0xe bytes), align: 1
  Segment part 4.             Intra module refs:   __iar_Log
    -------------------------------------------------------------------------
<CODE> 1 (was CODE)
  Relative segment, address: D860 - D869 (0xa bytes), align: 1
  Segment part 5.             Intra module refs:   __iar_Log
    -------------------------------------------------------------------------
<CODE> 1 (was CODE)
  Relative segment, address: D786 - D795 (0x10 bytes), align: 1
  Segment part 6.             Intra module refs:   __iar_Log
    -------------------------------------------------------------------------
<CODE> 1 (was CODE)
  Relative segment, address: D776 - D785 (0x10 bytes), align: 1
  Segment part 8.             Intra module refs:   __iar_Log
                                                   __iar_Logpoly
    -------------------------------------------------------------------------
<CODE> 1 (was CODE)
  Relative segment, address: D6F8 - D70F (0x18 bytes), align: 1
  Segment part 9.             Intra module refs:   __iar_Log
                                                   __iar_Logpoly
    -------------------------------------------------------------------------
<CODE> 1 (was CODE)
  Relative segment, address: D6AC - D6C5 (0x1a bytes), align: 1
  Segment part 7.
           ENTRY                   ADDRESS         REF BY
           =====                   =======         ======
           __iar_Logpoly           D6AC            internal_Pow (?pow)
               calls direct




                ****************************************
                *                                      *
                *      SEGMENTS IN ADDRESS ORDER       *
                *                                      *
                ****************************************


SEGMENT              SPACE    START ADDRESS   END ADDRESS     SIZE  TYPE  ALIGN
=======              =====    =============   ===========     ====  ====  =====
DATA16_AN                              0003 - 0003               1   rel    0
                                       0021 - 0023               3 
                                       0025 - 0027               3 
                                       0029 - 002A               2 
                                       002E - 002F               2 
                                       0041 - 0041               1 
                                       004A - 004A               1 
                                       0056 - 0057               2 
                                       0061 - 0064               4 
                                       0066 - 0067               2 
                                       0120 - 0121               2 
                                       0180 - 0181               2 
                                       0184 - 0185               2 
                                       0192 - 0195               4 
                                       01B0 - 01B5               6 
DATA16_I                                  0200                       dse    0
DATA16_Z                               0200 - 03A5             1A6   rel    1
CSTACK                                 03B0 - 03FF              50   rel    1
DATA16_AN                              10F8 - 10F9               2   rel    0
CSTART                                 C000 - C017              18   rel    1
<CODE> 1                               C018 - D879            1862   rel    1
INTVEC                                 FFE0 - FFE5               6   com    1
RESET                                  FFFE - FFFF               2   rel    1

                ****************************************
                *                                      *
                *        END OF CROSS REFERENCE        *
                *                                      *
                ****************************************

 6 274 bytes of CODE memory
   502 bytes of DATA memory (+ 39 absolute )

Errors: none
Warnings: none

